Run playback for https://www.youtube.com/watch?v=kHwmzef842g
(<<) Collecting info about the video...
Stream 'Webcam ZÃ¼rich HB' is alive!
error: Video format spec is ambiguous

Found more than one formats matching a format spec.
Please be more explicit, or try yt-dlp --live-from-start -F ... first
