Run playback for https://www.youtube.com/watch?v=kHwmzef842g
(<<) Collecting info about the video...
Stream 'Webcam ZÃ¼rich HB' is alive!
These 0 representations will be in the manifest:

